// Jest Snapshot v1, https://goo.gl/fbAQLP

exports[`renders Welcome 1`] = `
<DocumentFragment>
  <div
    class="card"
  >
    <div
      class="card-body"
    >
      <div
        class="container"
      >
        <div
          class="row"
        >
          <div
            class="col-4"
          >
            <div
              class="card"
            >
              <div
                class="card-body"
              >
                <div>
                  <div
                    class="navbar-nav ml-auto"
                  >
                    <li
                      class="nav-item"
                    >
                      <a
                        class="nav-link"
                        href="/login"
                      >
                        Login
                      </a>
                    </li>
                    <li
                      class="nav-item"
                    >
                      <a
                        class="nav-link"
                        href="/register"
                      >
                        Sign Up
                      </a>
                    </li>
                  </div>
                </div>
              </div>
            </div>
          </div>
          <div
            class="col-8"
          >
            <div
              class="submit-form"
            >
              <div>
                <div
                  class="form-group"
                >
                  <label
                    for="title"
                  >
                    Title
                  </label>
                  <input
                    class="form-control"
                    id="title"
                    name="title"
                    required=""
                    type="text"
                    value=""
                  />
                </div>
                <div
                  class="form-group"
                >
                  <label
                    for="description"
                  >
                    Description
                  </label>
                  <input
                    class="form-control"
                    id="description"
                    name="description"
                    required=""
                    type="text"
                    value=""
                  />
                </div>
                <div
                  class="star-rating"
                >
                  <button
                    class="off"
                    data-testid="rating"
                    id="rating"
                    type="button"
                  >
                    <span
                      class="star"
                    >
                      ★
                    </span>
                  </button>
                  <button
                    class="off"
                    data-testid="rating"
                    id="rating"
                    type="button"
                  >
                    <span
                      class="star"
                    >
                      ★
                    </span>
                  </button>
                  <button
                    class="off"
                    data-testid="rating"
                    id="rating"
                    type="button"
                  >
                    <span
                      class="star"
                    >
                      ★
                    </span>
                  </button>
                  <button
                    class="off"
                    data-testid="rating"
                    id="rating"
                    type="button"
                  >
                    <span
                      class="star"
                    >
                      ★
                    </span>
                  </button>
                  <button
                    class="off"
                    data-testid="rating"
                    id="rating"
                    type="button"
                  >
                    <span
                      class="star"
                    >
                      ★
                    </span>
                  </button>
                </div>
                <button
                  class="btn btn-success"
                >
                  Submit
                </button>
              </div>
            </div>
          </div>
        </div>
      </div>
    </div>
  </div>
</DocumentFragment>
`;
